sysbench 1.1.0-2ca9e3f (using bundled LuaJIT 2.1.0-beta3)

Running the test with following options:
Number of threads: 32
Warmup time: 10s
Report intermediate results every 10 second(s)
Initializing random number generator from current time


Initializing worker threads...

Threads started!

Warming up for 10 seconds...

[ 10s ] thds: 32 tps: 19.00 qps: 397.42 (r/w/o: 280.30/77.53/39.59) lat (ms,95%): 2632.28 err/s: 0.00 reconn/s: 0.00
[ 20s ] thds: 32 tps: 15.70 qps: 321.50 (r/w/o: 228.10/62.00/31.40) lat (ms,95%): 2828.87 err/s: 0.00 reconn/s: 0.00
[ 30s ] thds: 32 tps: 19.00 qps: 375.20 (r/w/o: 259.50/77.70/38.00) lat (ms,95%): 2632.28 err/s: 0.00 reconn/s: 0.00
[ 40s ] thds: 32 tps: 17.80 qps: 368.40 (r/w/o: 259.40/73.40/35.60) lat (ms,95%): 2539.17 err/s: 0.00 reconn/s: 0.00
[ 50s ] thds: 32 tps: 20.50 qps: 397.80 (r/w/o: 279.00/77.80/41.00) lat (ms,95%): 2279.14 err/s: 0.00 reconn/s: 0.00
[ 60s ] thds: 32 tps: 19.80 qps: 393.80 (r/w/o: 275.50/78.70/39.60) lat (ms,95%): 2238.47 err/s: 0.00 reconn/s: 0.00
[ 70s ] thds: 32 tps: 20.80 qps: 418.50 (r/w/o: 292.40/84.50/41.60) lat (ms,95%): 2320.55 err/s: 0.00 reconn/s: 0.00
[ 80s ] thds: 32 tps: 21.60 qps: 432.60 (r/w/o: 303.60/85.80/43.20) lat (ms,95%): 2238.47 err/s: 0.00 reconn/s: 0.00
[ 90s ] thds: 32 tps: 22.20 qps: 448.10 (r/w/o: 314.00/89.70/44.40) lat (ms,95%): 2082.91 err/s: 0.00 reconn/s: 0.00
[ 100s ] thds: 32 tps: 21.20 qps: 417.80 (r/w/o: 291.30/84.10/42.40) lat (ms,95%): 2320.55 err/s: 0.00 reconn/s: 0.00
[ 110s ] thds: 32 tps: 18.90 qps: 397.70 (r/w/o: 277.20/82.70/37.80) lat (ms,95%): 2449.36 err/s: 0.00 reconn/s: 0.00
[ 120s ] thds: 32 tps: 22.40 qps: 434.80 (r/w/o: 305.40/84.60/44.80) lat (ms,95%): 2198.52 err/s: 0.00 reconn/s: 0.00
[ 130s ] thds: 32 tps: 22.30 qps: 457.30 (r/w/o: 319.70/93.00/44.60) lat (ms,95%): 2009.23 err/s: 0.00 reconn/s: 0.00
[ 140s ] thds: 32 tps: 22.30 qps: 425.10 (r/w/o: 297.00/83.50/44.60) lat (ms,95%): 2238.47 err/s: 0.00 reconn/s: 0.00
[ 150s ] thds: 32 tps: 20.70 qps: 415.00 (r/w/o: 289.80/83.80/41.40) lat (ms,95%): 2362.72 err/s: 0.00 reconn/s: 0.00
[ 160s ] thds: 32 tps: 20.30 qps: 408.30 (r/w/o: 285.80/81.90/40.60) lat (ms,95%): 2362.72 err/s: 0.00 reconn/s: 0.00
[ 170s ] thds: 32 tps: 21.40 qps: 426.30 (r/w/o: 299.60/83.90/42.80) lat (ms,95%): 2449.36 err/s: 0.00 reconn/s: 0.00
[ 180s ] thds: 32 tps: 24.00 qps: 487.80 (r/w/o: 344.30/95.50/48.00) lat (ms,95%): 1836.24 err/s: 0.00 reconn/s: 0.00
[ 190s ] thds: 32 tps: 21.00 qps: 405.20 (r/w/o: 279.40/83.80/42.00) lat (ms,95%): 2320.55 err/s: 0.00 reconn/s: 0.00
[ 200s ] thds: 32 tps: 21.50 qps: 440.80 (r/w/o: 311.20/86.60/43.00) lat (ms,95%): 2279.14 err/s: 0.00 reconn/s: 0.00
[ 210s ] thds: 32 tps: 20.90 qps: 416.20 (r/w/o: 291.00/83.40/41.80) lat (ms,95%): 2362.72 err/s: 0.00 reconn/s: 0.00
[ 220s ] thds: 32 tps: 22.50 qps: 445.80 (r/w/o: 311.40/89.40/45.00) lat (ms,95%): 2320.55 err/s: 0.00 reconn/s: 0.00
[ 230s ] thds: 32 tps: 24.20 qps: 482.80 (r/w/o: 337.00/97.40/48.40) lat (ms,95%): 1903.57 err/s: 0.00 reconn/s: 0.00
[ 240s ] thds: 32 tps: 21.30 qps: 435.70 (r/w/o: 306.90/86.20/42.60) lat (ms,95%): 2362.72 err/s: 0.00 reconn/s: 0.00
[ 250s ] thds: 32 tps: 21.60 qps: 443.50 (r/w/o: 309.60/90.70/43.20) lat (ms,95%): 2362.72 err/s: 0.00 reconn/s: 0.00
[ 260s ] thds: 32 tps: 24.30 qps: 471.90 (r/w/o: 330.50/92.80/48.60) lat (ms,95%): 2120.76 err/s: 0.00 reconn/s: 0.00
[ 270s ] thds: 32 tps: 23.00 qps: 464.80 (r/w/o: 326.70/92.10/46.00) lat (ms,95%): 2082.91 err/s: 0.00 reconn/s: 0.00
[ 280s ] thds: 32 tps: 25.20 qps: 502.10 (r/w/o: 350.30/101.40/50.40) lat (ms,95%): 1869.60 err/s: 0.00 reconn/s: 0.00
[ 290s ] thds: 32 tps: 22.30 qps: 448.30 (r/w/o: 315.10/88.60/44.60) lat (ms,95%): 2198.52 err/s: 0.00 reconn/s: 0.00
[ 300s ] thds: 32 tps: 23.40 qps: 458.40 (r/w/o: 317.90/93.70/46.80) lat (ms,95%): 2159.29 err/s: 0.00 reconn/s: 0.00
SQL statistics:
    queries performed:
        read:                            89609
        write:                           25679
        other:                           12818
        total:                           128106
    transactions:                        6425   (21.33 per sec.)
    queries:                             128106 (425.25 per sec.)
    ignored errors:                      0      (0.00 per sec.)
    reconnects:                          0      (0.00 per sec.)

Throughput:
    events/s (eps):                      21.3281
    time elapsed:                        301.2464s
    total number of events:              6425

Latency (ms):
         min:                                  122.43
         avg:                                 1503.23
         max:                                 3849.79
         95th percentile:                     2362.72
         sum:                              9658280.83

Threads fairness:
    events (avg/stddev):           200.7812/3.89
    execution time (avg/stddev):   301.8213/0.84

